warning: Git tree '/home/ontos/nixos' is dirty
error:
       … while calling the 'seq' builtin
         at «github:nixos/nixpkgs/567a49d1913ce81ac6e9582e3553dd90a955875f?narHash=sha256-lrp67w8AulE9Ks53n27I45ADSzbOCn4H%2BCNW1Ck8B%2B8%3D»/lib/modules.nix:402:18:
          401|         options = checked options;
          402|         config = checked (removeAttrs config [ "_module" ]);
             |                  ^
          403|         _module = checked (config._module);

       … while evaluating a branch condition
         at «github:nixos/nixpkgs/567a49d1913ce81ac6e9582e3553dd90a955875f?narHash=sha256-lrp67w8AulE9Ks53n27I45ADSzbOCn4H%2BCNW1Ck8B%2B8%3D»/lib/modules.nix:305:9:
          304|       checkUnmatched =
          305|         if config._module.check && config._module.freeformType == null && merged.unmatchedDefns != [ ] then
             |         ^
          306|           let

       (stack trace truncated; use '--show-trace' to show the full, detailed trace)

       error: syntax error, unexpected identifier, expecting '.' or '='
       at /home/ontos/nixos/hosts/default/configuration.nix:7:3:
            6| tnarseotn
            7|   imports =
             |   ^
            8|     [ # Include the results of the hardware scan.
Command 'nix --extra-experimental-features 'nix-command flakes' build --print-out-paths '/home/ontos/nixos#nixosConfigurations."default".config.system.build.nixos-rebuild' --no-link' returned non-zero exit status 1.
